// Jest Snapshot v1, https://goo.gl/fbAQLP

exports[`PokemonPage Component must be match with snapshot when pokemons are loaded 1`] = `
<div>
  <h1>Who is this Pok√©mon?</h1>
  <pokemon-image-stub pokemonid="1" showpokemon="false"></pokemon-image-stub>
  <pokemon-options-stub pokemons="[object Object],[object Object],[object Object],[object Object]"></pokemon-options-stub>
  <!--v-if-->
</div>
`;
